用户：wxihua 时间：2016-11-07 18:06:37 ||内容：添加了一个分类 车公灵签 
----------------------------------------
用户：wxihua 时间：2016-11-07 21:46:44 ||内容：添加了一个分类 王公灵签 
----------------------------------------
用户：wxihua 时间：2016-11-12 12:53:03 ||内容：添加了一个分类 星座专区 
----------------------------------------
用户：wxihua 时间：2016-11-12 12:53:16 ||内容：添加了一个分类 星座运势 
----------------------------------------
用户：wxihua 时间：2016-11-12 13:32:47 ||内容：修改 classid 为:476的分类信息！ 
----------------------------------------
用户：wxihua 时间：2016-11-12 13:33:57 ||内容：修改 classid 为:475的分类信息！ 
----------------------------------------
用户：wxihua 时间：2016-11-12 13:34:11 ||内容：修改 classid 为:476的分类信息！ 
----------------------------------------
用户：wxihua 时间：2016-11-13 10:18:34 ||内容：修改 classid 为:475的分类信息！ 
----------------------------------------
用户：wxihua 时间：2016-11-13 10:19:11 ||内容：修改 classid 为:476的分类信息！ 
----------------------------------------
用户：wxihua 时间：2016-11-13 10:22:47 ||内容：修改 classid 为:475的分类信息！ 
----------------------------------------
用户：wxihua 时间：2016-11-13 10:23:25 ||内容：修改 classid 为:476的分类信息！ 
----------------------------------------
用户：wxihua 时间：2017-11-28 18:04:31 ||内容：执行了一次删除管理员操作 
----------------------------------------
用户：admin 时间：2017-11-28 18:05:48 ||内容：修改了管理员 1 的密码！ 
----------------------------------------
用户：wxihua 时间：2018-05-10 18:47:26 ||内容：执行了一次删除管理员操作 
----------------------------------------
用户：wxihua 时间：2018-05-10 18:47:40 ||内容：修改了管理员 1 的密码！ 
----------------------------------------
用户：admin 时间：2018-05-11 18:16:33 ||内容：修改 classid 为:349的分类信息！ 
----------------------------------------
用户：admin 时间：2018-05-11 18:16:50 ||内容：修改 classid 为:349的分类信息！ 
----------------------------------------
用户：admin 时间：2018-05-11 18:17:12 ||内容：修改 classid 为:364的分类信息！ 
----------------------------------------
用户：admin 时间：2018-05-11 18:18:20 ||内容：修改 classid 为:364的分类信息！ 
----------------------------------------
用户：admin 时间：2018-05-11 20:30:25 ||内容：修改 classid 为:417的分类信息！ 
----------------------------------------
用户：admin 时间：2018-05-11 20:31:08 ||内容：修改 classid 为:349的分类信息！ 
----------------------------------------
用户：admin 时间：2018-05-11 20:31:18 ||内容：修改 classid 为:364的分类信息！ 
----------------------------------------
用户：admin 时间：2018-05-11 20:32:28 ||内容：修改 classid 为:391的分类信息！ 
----------------------------------------
用户：admin 时间：2018-05-11 20:32:57 ||内容：修改 classid 为:397的分类信息！ 
----------------------------------------
用户：admin 时间：2018-05-11 20:33:14 ||内容：修改 classid 为:467的分类信息！ 
----------------------------------------
用户：admin 时间：2018-05-11 20:33:26 ||内容：修改 classid 为:435的分类信息！ 
----------------------------------------
用户：admin 时间：2018-05-11 20:33:37 ||内容：修改 classid 为:437的分类信息！ 
----------------------------------------
用户：admin 时间：2018-05-11 20:33:53 ||内容：修改 classid 为:468的分类信息！ 
----------------------------------------
用户：admin 时间：2018-05-11 20:35:08 ||内容：修改 classid 为:470的分类信息！ 
----------------------------------------
用户：admin 时间：2018-05-11 20:50:29 ||内容：修改 classid 为:344的分类信息！ 
----------------------------------------
用户：admin 时间：2018-05-12 13:29:15 ||内容：修改 classid 为:368的分类信息！ 
----------------------------------------
用户：admin 时间：2018-05-12 13:40:54 ||内容：修改 classid 为:368的分类信息！ 
----------------------------------------
用户：admin 时间：2018-05-12 13:45:43 ||内容：修改 classid 为:368的分类信息！ 
----------------------------------------
用户：admin 时间：2018-05-13 12:08:31 ||内容：修改 classid 为:466的分类信息！ 
----------------------------------------
用户：admin 时间：2018-05-13 12:08:39 ||内容：修改 classid 为:465的分类信息！ 
----------------------------------------
用户：admin 时间：2018-05-13 12:08:49 ||内容：修改 classid 为:464的分类信息！ 
----------------------------------------
用户：admin 时间：2018-05-13 12:09:03 ||内容：修改 classid 为:391的分类信息！ 
----------------------------------------
用户：admin 时间：2018-05-13 12:11:36 ||内容：修改 classid 为:393的分类信息！ 
----------------------------------------
用户：admin 时间：2018-05-13 12:11:45 ||内容：修改 classid 为:394的分类信息！ 
----------------------------------------
用户：admin 时间：2018-05-13 12:41:43 ||内容：修改 classid 为:399的分类信息！ 
----------------------------------------
用户：admin 时间：2018-05-13 12:47:06 ||内容：修改 classid 为:474的分类信息！ 
----------------------------------------
用户：admin 时间：2018-05-13 12:47:17 ||内容：修改 classid 为:400的分类信息！ 
----------------------------------------
用户：admin 时间：2018-05-13 12:47:24 ||内容：修改 classid 为:473的分类信息！ 
----------------------------------------
用户：admin 时间：2018-05-13 12:48:44 ||内容：修改 classid 为:468的分类信息！ 
----------------------------------------
用户：admin 时间：2018-05-13 12:50:17 ||内容：修改 classid 为:469的分类信息！ 
----------------------------------------
用户：admin 时间：2018-05-13 12:51:56 ||内容：添加了一个分类 今日黄历 
----------------------------------------
用户：admin 时间：2018-05-13 13:12:37 ||内容：修改 classid 为:431的分类信息！ 
----------------------------------------
用户：admin 时间：2018-06-19 13:54:45 ||内容：增加了一个管理员 
----------------------------------------
用户：admin 时间：2018-06-19 13:58:05 ||内容：增加了一个管理员 
----------------------------------------
用户：admin 时间：2018-06-19 13:59:58 ||内容：执行了一次删除管理员操作 
----------------------------------------
用户：admin 时间：2018-09-01 22:40:10 ||内容：增加了一个管理员 
----------------------------------------
用户：admin 时间：2018-09-01 22:44:35 ||内容：执行了一次删除管理员操作 
----------------------------------------
用户：admin 时间：2018-09-01 23:36:02 ||内容：修改了管理员 4 的密码！ 
----------------------------------------
用户：admin 时间：2018-09-01 23:36:09 ||内容：修改了管理员 3 的密码！ 
----------------------------------------
用户：admin 时间：2018-09-02 00:18:54 ||内容：修改了管理员 3 的密码！ 
----------------------------------------
用户：admin 时间：2018-09-04 20:44:32 ||内容：修改了管理员 10 的密码！ 
----------------------------------------
用户：admin 时间：2018-09-19 12:48:30 ||内容：修改 classid 为:368的分类信息！ 
----------------------------------------
用户：admin 时间：2018-12-03 17:34:35 ||内容：修改了管理员 11 的密码！ 
----------------------------------------
用户：admin 时间：2018-12-03 17:35:59 ||内容：修改了管理员 11 的密码！ 
----------------------------------------
用户：admin 时间：2018-12-03 17:36:24 ||内容：修改了管理员 11 的密码！ 
----------------------------------------
用户：admin 时间：2019-01-15 23:07:02 ||内容：修改了管理员 1 的密码！ 
----------------------------------------
用户：admin 时间：2019-01-15 23:10:21 ||内容：修改了管理员 1 的密码！ 
----------------------------------------
用户：admin 时间：2019-01-15 23:17:09 ||内容：修改了管理员 1 的密码！ 
----------------------------------------
用户：admin 时间：2019-01-15 23:22:22 ||内容：修改了管理员 1 的密码！ 
----------------------------------------
用户：admin 时间：2019-01-16 15:24:40 ||内容：修改了管理员 56 的密码！ 
----------------------------------------
用户：admin 时间：2019-01-16 15:24:50 ||内容：修改了管理员 56 的密码！ 
----------------------------------------
用户：admin 时间：2019-01-16 15:25:10 ||内容：修改了管理员 3 的密码！ 
----------------------------------------
用户：admin 时间：2019-01-16 15:26:46 ||内容：修改了管理员 3 的密码！ 
----------------------------------------
用户：admin 时间：2019-01-18 12:28:43 ||内容：修改了管理员 1 的密码！ 
----------------------------------------
用户：admin 时间：2019-01-18 12:29:50 ||内容：修改了管理员 1 的密码！ 
----------------------------------------
用户：admin 时间：2019-03-04 16:39:31 ||内容：修改了管理员 3 的密码！ 
----------------------------------------
用户：admin 时间：2019-03-04 17:16:55 ||内容：修改了管理员 1 的密码！ 
----------------------------------------
用户：admin 时间：2019-03-04 17:17:05 ||内容：修改了管理员 1 的密码！ 
----------------------------------------
用户：admin 时间：2019-03-06 18:45:59 ||内容：修改了管理员 1 的密码！ 
----------------------------------------
用户：admin 时间：2019-03-06 18:54:37 ||内容：修改了管理员 1 的密码！ 
----------------------------------------
用户：admin 时间：2019-03-06 18:55:04 ||内容：修改了管理员 1 的密码！ 
----------------------------------------
用户：admin 时间：2019-03-06 18:56:40 ||内容：修改了管理员 1 的密码！ 
----------------------------------------
用户：admin 时间：2019-03-06 18:56:54 ||内容：修改了管理员 1 的密码！ 
----------------------------------------
用户：admin 时间：2019-03-06 18:57:47 ||内容：修改了管理员 1 的密码！ 
----------------------------------------
用户：admin 时间：2019-03-06 18:58:20 ||内容：修改了管理员 3 的密码！ 
----------------------------------------
用户：admin 时间：2019-04-06 00:31:24 ||内容：修改了管理员 1 的密码！ 
----------------------------------------
用户：ceshi 时间：2019-04-07 18:42:37 ||内容：修改了管理员 1 的密码！ 
----------------------------------------
用户：ceshi 时间：2019-04-07 19:15:10 ||内容：执行了一次删除管理员操作 
----------------------------------------
用户：ceshi 时间：2019-04-07 19:15:35 ||内容：增加了一个管理员 
----------------------------------------
用户：admin 时间：2019-04-12 11:57:51 ||内容：修改了管理员 3 的密码！ 
----------------------------------------
用户：admin 时间：2019-04-18 18:52:49 ||内容：修改了管理员 736 的密码！ 
----------------------------------------
用户：admin 时间：2019-04-18 18:53:19 ||内容：修改了管理员 736 的密码！ 
----------------------------------------
用户：admin 时间：2019-04-24 15:30:36 ||内容：删除 classid 为:366的网站分类信息！ 
----------------------------------------
用户：admin 时间：2019-04-26 09:16:28 ||内容：修改了管理员 3 的密码！ 
----------------------------------------
用户：admin 时间：2019-05-06 12:43:04 ||内容：修改了管理员 10 的密码！ 
----------------------------------------
用户：admin 时间：2019-05-08 11:39:02 ||内容：修改了管理员 5 的密码！ 
----------------------------------------
用户：admin 时间：2019-05-11 13:23:25 ||内容：修改了管理员 711 的密码！ 
----------------------------------------
用户：admin 时间：2019-06-14 16:57:22 ||内容：增加了一个管理员 
----------------------------------------
用户：admin 时间：2019-06-14 16:58:23 ||内容：修改了管理员 764 的密码！ 
----------------------------------------
用户：admin 时间：2019-06-16 16:14:44 ||内容：修改 classid 为:365的分类信息！ 
----------------------------------------
用户：admin 时间：2019-06-16 16:14:51 ||内容：删除 classid 为:365的网站分类信息！ 
----------------------------------------
用户：admin 时间：2019-06-26 09:36:12 ||内容：增加了一个管理员 
----------------------------------------
用户：admin 时间：2019-06-26 12:21:07 ||内容：修改了管理员 726 的密码！ 
----------------------------------------
用户：admin 时间：2019-06-26 12:21:51 ||内容：执行了一次删除管理员操作 
----------------------------------------
用户：admin 时间：2019-06-26 12:22:07 ||内容：执行了一次删除管理员操作 
----------------------------------------
用户：ceshi 时间：2019-07-04 11:52:04 ||内容：修改了管理员 1 的密码！ 
----------------------------------------
用户：admin 时间：2019-09-29 11:29:44 ||内容：修改了管理员 3 的密码！ 
----------------------------------------
用户：admin 时间：2019-09-30 10:48:18 ||内容：修改了管理员 42 的密码！ 
----------------------------------------
用户：admin 时间：2019-11-25 20:29:40 ||内容：修改了管理员 1 的密码！ 
----------------------------------------
用户：admin 时间：2019-12-15 21:33:11 ||内容：修改了管理员 739 的密码！ 
----------------------------------------
用户：admin 时间：2020-01-02 00:49:21 ||内容：执行了一次删除管理员操作 
----------------------------------------
用户：admin 时间：2020-01-02 11:23:03 ||内容：修改了管理员 740 的密码！ 
----------------------------------------
用户：admin 时间：2020-02-15 13:21:01 ||内容：修改了管理员 1 的密码！ 
----------------------------------------
用户：admin 时间：2020-02-17 13:28:21 ||内容：修改了管理员 739 的密码！ 
----------------------------------------
用户：admin 时间：2020-02-17 23:01:09 ||内容：修改了管理员 746 的密码！ 
----------------------------------------
用户：admin 时间：2020-02-22 12:52:59 ||内容：修改了管理员 754 的密码！ 
----------------------------------------
用户：admin 时间：2020-02-22 12:54:43 ||内容：修改了管理员 754 的密码！ 
----------------------------------------
用户：admin 时间：2020-02-22 19:33:38 ||内容：增加了一个管理员 
----------------------------------------
用户：admin 时间：2020-02-22 19:48:09 ||内容：修改了管理员 739 的密码！ 
----------------------------------------
用户：admin 时间：2020-02-22 19:48:27 ||内容：增加了一个管理员 
----------------------------------------
用户：admin 时间：2020-03-04 11:23:44 ||内容：修改了管理员 757 的密码！ 
----------------------------------------
用户：admin 时间：2020-03-05 16:40:43 ||内容：执行了一次删除管理员操作 
----------------------------------------
用户：admin 时间：2020-03-05 16:40:54 ||内容：执行了一次删除管理员操作 
----------------------------------------
用户：admin 时间：2020-03-05 16:41:37 ||内容：执行了一次删除管理员操作 
----------------------------------------
用户：admin 时间：2020-03-05 16:46:31 ||内容：修改了管理员 764 的密码！ 
----------------------------------------
用户：admin 时间：2020-03-05 23:19:38 ||内容：执行了一次删除管理员操作 
----------------------------------------
用户：admin 时间：2020-03-06 13:53:17 ||内容：修改了管理员 1 的密码！ 
----------------------------------------
用户：admin 时间：2020-03-06 15:52:53 ||内容：修改了管理员 3 的密码！ 
----------------------------------------
用户：admin 时间：2020-03-06 15:53:22 ||内容：修改了管理员 1 的密码！ 
----------------------------------------
用户：admin 时间：2020-03-07 01:11:07 ||内容：执行了一次删除管理员操作 
----------------------------------------
用户：admin 时间：2020-03-09 15:52:18 ||内容：修改了管理员 780 的密码！ 
----------------------------------------
用户：admin 时间：2020-03-10 02:39:50 ||内容：增加了一个管理员 
----------------------------------------
用户：admin 时间：2020-03-10 12:29:42 ||内容：修改了管理员 781 的密码！ 
----------------------------------------
用户：admin 时间：2020-03-10 12:54:34 ||内容：修改了管理员 784 的密码！ 
----------------------------------------
用户：admin 时间：2020-03-10 12:55:11 ||内容：修改了管理员 784 的密码！ 
----------------------------------------
用户：admin 时间：2020-03-10 13:58:38 ||内容：修改了管理员 741 的密码！ 
----------------------------------------
用户：admin 时间：2020-03-11 01:28:25 ||内容：修改了管理员 790 的密码！ 
----------------------------------------
用户：admin 时间：2020-03-11 01:28:57 ||内容：修改了管理员 788 的密码！ 
----------------------------------------
用户：admin 时间：2020-03-11 01:29:29 ||内容：修改了管理员 788 的密码！ 
----------------------------------------
用户：admin 时间：2020-03-11 15:58:29 ||内容：执行了一次删除管理员操作 
----------------------------------------
用户：admin 时间：2020-03-11 16:01:07 ||内容：执行了一次删除管理员操作 
----------------------------------------
用户：admin 时间：2020-03-12 12:59:09 ||内容：增加了一个管理员 
----------------------------------------
用户：admin 时间：2020-03-12 20:06:30 ||内容：执行了一次删除管理员操作 
----------------------------------------
用户：admin 时间：2020-03-12 20:06:52 ||内容：执行了一次删除管理员操作 
----------------------------------------
用户：admin 时间：2020-03-12 20:11:48 ||内容：执行了一次删除管理员操作 
----------------------------------------
用户：admin 时间：2020-03-18 00:49:27 ||内容：修改了管理员 1 的密码！ 
----------------------------------------
用户：admin 时间：2020-03-24 12:53:28 ||内容：执行了一次删除管理员操作 
----------------------------------------
用户：admin 时间：2020-03-24 12:53:31 ||内容：执行了一次删除管理员操作 
----------------------------------------
用户：admin 时间：2020-03-24 12:53:35 ||内容：执行了一次删除管理员操作 
----------------------------------------
用户：admin 时间：2020-03-24 12:53:37 ||内容：执行了一次删除管理员操作 
----------------------------------------
用户：admin 时间：2020-04-23 12:01:04 ||内容：修改了管理员 934 的密码！ 
----------------------------------------
用户：admin 时间：2020-05-07 10:12:00 ||内容：修改了管理员 1046 的密码！ 
----------------------------------------
用户：admin 时间：2020-09-28 21:30:07 ||内容：修改了管理员 1356 的密码！ 
----------------------------------------
用户：admin 时间：2020-09-28 21:30:23 ||内容：修改了管理员 1356 的密码！ 
----------------------------------------
用户：admin 时间：2020-09-29 17:52:23 ||内容：修改了管理员 1355 的密码！ 
----------------------------------------
用户：admin 时间：2020-09-29 17:54:43 ||内容：修改了管理员 1355 的密码！ 
----------------------------------------
用户：admin 时间：2020-09-29 18:01:56 ||内容：执行了一次删除管理员操作 
----------------------------------------
用户：admin 时间：2020-09-29 18:02:05 ||内容：执行了一次删除管理员操作 
----------------------------------------
用户：admin 时间：2020-09-29 18:09:06 ||内容：修改了管理员 1 的密码！ 
----------------------------------------
用户：admin 时间：2020-09-29 18:16:08 ||内容：修改了管理员 1 的密码！ 
----------------------------------------
用户：admin 时间：2020-09-29 18:21:48 ||内容：修改了管理员 2 的密码！ 
----------------------------------------
用户：admin 时间：2020-09-29 18:23:38 ||内容：修改了管理员 3 的密码！ 
----------------------------------------
用户：admin 时间：2020-09-29 18:23:56 ||内容：修改了管理员 1 的密码！ 
----------------------------------------
用户：admin 时间：2021-05-14 17:42:52 ||内容：增加了一个管理员 
----------------------------------------
用户：admin 时间：2021-11-04 11:34:02 ||内容：修改了管理员 13 的密码！ 
----------------------------------------
用户：admin 时间：2023-02-16 23:07:50 ||内容：执行了一次删除管理员操作 
----------------------------------------
用户：admin 时间：2023-02-16 23:08:03 ||内容：执行了一次删除管理员操作 
----------------------------------------
用户：admin 时间：2023-02-16 23:08:09 ||内容：执行了一次删除管理员操作 
----------------------------------------
用户：admin 时间：2023-02-16 23:08:48 ||内容：执行了一次删除管理员操作 
----------------------------------------
用户：admin 时间：2023-02-16 23:09:19 ||内容：执行了一次删除管理员操作 
----------------------------------------
用户：admin 时间：2023-02-16 23:09:34 ||内容：执行了一次删除管理员操作 
----------------------------------------
用户：admin 时间：2023-02-16 23:09:40 ||内容：执行了一次删除管理员操作 
----------------------------------------
用户：admin 时间：2023-07-23 00:41:06 ||内容：修改了管理员 50 的密码！ 
----------------------------------------
用户：admin 时间：2023-07-23 17:12:12 ||内容：修改了管理员 1 的密码！ 
----------------------------------------
用户：admin 时间：2024-03-07 16:19:33 ||内容：执行了一次删除管理员操作 
----------------------------------------
用户：admin 时间：2024-03-07 22:58:09 ||内容：修改了管理员 55 的密码！ 
----------------------------------------
用户：admin 时间：2024-03-29 20:30:09 ||内容：修改了管理员 56 的密码！ 
----------------------------------------
用户：admin 时间：2024-03-29 20:30:37 ||内容：修改了管理员 56 的密码！ 
----------------------------------------
用户：admin 时间：2024-03-31 08:58:38 ||内容：修改了管理员 58 的密码！ 
----------------------------------------
用户：admin 时间：2024-03-31 09:00:38 ||内容：修改了管理员 58 的密码！ 
----------------------------------------
用户：admin 时间：2024-03-31 09:02:28 ||内容：修改了管理员 58 的密码！ 
----------------------------------------
用户：admin 时间：2024-03-31 13:58:05 ||内容：修改了管理员 56 的密码！ 
----------------------------------------
用户：admin 时间：2024-04-03 12:08:27 ||内容：修改了管理员 57 的密码！ 
----------------------------------------
用户：admin 时间：2024-04-03 12:12:02 ||内容：修改了管理员 56 的密码！ 
----------------------------------------
用户：admin 时间：2024-04-05 14:52:15 ||内容：修改了管理员 56 的密码！ 
----------------------------------------
用户：admin 时间：2024-04-08 14:55:09 ||内容：执行了一次删除管理员操作 
----------------------------------------
用户：admin 时间：2024-04-08 14:55:14 ||内容：执行了一次删除管理员操作 
----------------------------------------
用户：admin 时间：2024-04-08 14:55:16 ||内容：执行了一次删除管理员操作 
----------------------------------------
用户：admin 时间：2024-04-08 14:55:24 ||内容：执行了一次删除管理员操作 
----------------------------------------
用户：admin 时间：2024-04-08 14:55:27 ||内容：执行了一次删除管理员操作 
----------------------------------------
用户：admin 时间：2024-04-08 14:55:32 ||内容：执行了一次删除管理员操作 
----------------------------------------
用户：admin 时间：2024-05-15 17:26:13 ||内容：执行了一次删除管理员操作 
----------------------------------------
用户：admin 时间：2024-05-15 17:26:16 ||内容：执行了一次删除管理员操作 
----------------------------------------
用户：admin 时间：2024-05-15 17:26:27 ||内容：修改了管理员 1 的密码！ 
----------------------------------------
用户：admin 时间：2024-05-16 18:31:53 ||内容：修改了管理员 1 的密码！ 
----------------------------------------
用户：admin 时间：2024-05-27 16:26:17 ||内容：执行了一次删除管理员操作 
----------------------------------------
用户：admin 时间：2024-05-27 16:26:20 ||内容：执行了一次删除管理员操作 
----------------------------------------
用户：admin 时间：2024-05-27 16:26:22 ||内容：执行了一次删除管理员操作 
----------------------------------------
用户：admin 时间：2024-05-27 16:26:25 ||内容：执行了一次删除管理员操作 
----------------------------------------
用户：admin 时间：2024-06-09 11:31:06 ||内容：修改了管理员 63 的密码！ 
----------------------------------------
用户：admin 时间：2024-08-05 15:19:52 ||内容：增加了一个管理员 
----------------------------------------
用户：admin 时间：2024-08-05 15:28:55 ||内容：执行了一次删除管理员操作 
----------------------------------------
用户：admin 时间：2024-08-05 15:29:14 ||内容：执行了一次删除管理员操作 
----------------------------------------
用户：admin 时间：2024-08-05 15:29:14 ||内容：执行了一次删除管理员操作 
----------------------------------------
用户：admin 时间：2024-08-05 15:29:52 ||内容：执行了一次删除管理员操作 
----------------------------------------
用户：admin 时间：2024-08-05 15:30:09 ||内容：增加了一个管理员 
----------------------------------------
用户：admin 时间：2024-08-05 15:30:18 ||内容：执行了一次删除管理员操作 
----------------------------------------
用户：admin 时间：2024-08-05 15:30:30 ||内容：执行了一次删除管理员操作 
----------------------------------------
用户：admin 时间：2024-08-05 15:30:59 ||内容：执行了一次删除管理员操作 
----------------------------------------
用户：admin 时间：2024-08-05 15:49:21 ||内容：修改了管理员  的密码！ 
----------------------------------------
用户：admin 时间：2024-08-05 15:49:47 ||内容：增加了一个管理员 
----------------------------------------
用户：admin 时间：2024-08-05 15:50:14 ||内容：修改了管理员  的密码！ 
----------------------------------------
用户：admin 时间：2024-08-05 15:50:36 ||内容：修改了管理员 83 的密码！ 
----------------------------------------
用户：admin 时间：2024-08-05 15:50:54 ||内容：修改了管理员  的密码！ 
----------------------------------------
用户：admin 时间：2024-08-05 15:51:22 ||内容：修改了管理员  的密码！ 
----------------------------------------
用户：admin 时间：2024-08-05 15:51:23 ||内容：修改了管理员  的密码！ 
----------------------------------------
用户：admin 时间：2024-08-05 15:51:23 ||内容：修改了管理员  的密码！ 
----------------------------------------
用户：admin 时间：2024-08-05 15:51:35 ||内容：修改了管理员  的密码！ 
----------------------------------------
用户：admin 时间：2024-08-05 15:51:43 ||内容：修改了管理员 83 的密码！ 
----------------------------------------
用户：admin 时间：2024-08-05 15:51:59 ||内容：修改了管理员  的密码！ 
----------------------------------------
用户：admin 时间：2024-08-05 15:52:00 ||内容：修改了管理员  的密码！ 
----------------------------------------
用户：admin 时间：2024-08-05 15:52:00 ||内容：修改了管理员  的密码！ 
----------------------------------------
用户：admin 时间：2024-08-05 15:52:02 ||内容：修改了管理员  的密码！ 
----------------------------------------
用户：admin 时间：2024-08-05 15:52:13 ||内容：修改了管理员  的密码！ 
----------------------------------------
用户：admin 时间：2024-08-05 15:53:27 ||内容：修改了管理员  的密码！ 
----------------------------------------
用户：admin 时间：2024-08-05 15:53:53 ||内容：修改了管理员  的密码！ 
----------------------------------------
用户：admin 时间：2024-08-05 15:55:01 ||内容：修改了管理员 83 的密码！ 
----------------------------------------
用户：admin 时间：2024-09-07 15:14:06 ||内容：增加了一个管理员 
----------------------------------------
用户：admin 时间：2024-10-30 21:46:31 ||内容：执行了一次删除管理员操作 
----------------------------------------
用户：admin 时间：2024-10-30 21:46:51 ||内容：执行了一次删除管理员操作 
----------------------------------------
用户：admin 时间：2024-10-30 21:47:06 ||内容：执行了一次删除管理员操作 
----------------------------------------
用户：admin 时间：2024-10-30 21:47:22 ||内容：执行了一次删除管理员操作 
----------------------------------------
用户：admin 时间：2024-10-30 21:47:33 ||内容：执行了一次删除管理员操作 
----------------------------------------
用户：admin 时间：2024-10-30 21:47:43 ||内容：执行了一次删除管理员操作 
----------------------------------------
用户：admin 时间：2024-10-30 21:47:52 ||内容：执行了一次删除管理员操作 
----------------------------------------
用户：admin 时间：2024-10-30 21:47:58 ||内容：执行了一次删除管理员操作 
----------------------------------------
用户：admin 时间：2024-10-30 21:48:04 ||内容：执行了一次删除管理员操作 
----------------------------------------
用户：admin 时间：2024-10-30 21:48:11 ||内容：执行了一次删除管理员操作 
----------------------------------------
用户：admin 时间：2024-10-30 21:48:17 ||内容：执行了一次删除管理员操作 
----------------------------------------
用户：admin 时间：2024-10-30 21:48:24 ||内容：执行了一次删除管理员操作 
----------------------------------------
用户：admin 时间：2024-10-30 21:48:30 ||内容：执行了一次删除管理员操作 
----------------------------------------
用户：admin 时间：2024-10-30 21:48:37 ||内容：执行了一次删除管理员操作 
----------------------------------------
用户：admin 时间：2024-10-30 21:48:44 ||内容：执行了一次删除管理员操作 
----------------------------------------
用户：admin 时间：2024-10-30 21:48:51 ||内容：执行了一次删除管理员操作 
----------------------------------------
用户：admin 时间：2024-10-30 21:48:57 ||内容：执行了一次删除管理员操作 
----------------------------------------
用户：admin 时间：2024-10-30 21:49:04 ||内容：执行了一次删除管理员操作 
----------------------------------------
用户：admin 时间：2024-10-30 21:49:10 ||内容：执行了一次删除管理员操作 
----------------------------------------
用户：admin 时间：2024-10-30 21:49:17 ||内容：执行了一次删除管理员操作 
----------------------------------------
用户：admin 时间：2024-10-30 21:49:27 ||内容：执行了一次删除管理员操作 
----------------------------------------
用户：admin 时间：2024-10-30 21:49:33 ||内容：执行了一次删除管理员操作 
----------------------------------------
用户：admin 时间：2024-10-30 21:49:40 ||内容：执行了一次删除管理员操作 
----------------------------------------
用户：admin 时间：2024-10-30 21:49:50 ||内容：执行了一次删除管理员操作 
----------------------------------------
用户：admin 时间：2024-10-30 21:49:57 ||内容：执行了一次删除管理员操作 
----------------------------------------
用户：admin 时间：2024-10-30 21:50:04 ||内容：执行了一次删除管理员操作 
----------------------------------------
用户：admin 时间：2024-10-30 21:50:12 ||内容：执行了一次删除管理员操作 
----------------------------------------
用户：admin 时间：2024-10-30 21:50:18 ||内容：执行了一次删除管理员操作 
----------------------------------------
用户：admin 时间：2024-10-30 21:50:25 ||内容：执行了一次删除管理员操作 
----------------------------------------
用户：admin 时间：2024-10-30 21:50:31 ||内容：执行了一次删除管理员操作 
----------------------------------------
用户：admin 时间：2024-10-30 21:50:38 ||内容：执行了一次删除管理员操作 
----------------------------------------
用户：admin 时间：2024-10-30 21:50:45 ||内容：执行了一次删除管理员操作 
----------------------------------------
用户：admin 时间：2024-10-30 21:50:55 ||内容：执行了一次删除管理员操作 
----------------------------------------
用户：admin 时间：2024-10-30 21:51:02 ||内容：执行了一次删除管理员操作 
----------------------------------------
用户：admin 时间：2024-10-30 21:51:08 ||内容：执行了一次删除管理员操作 
----------------------------------------
用户：admin 时间：2024-10-30 21:51:15 ||内容：执行了一次删除管理员操作 
----------------------------------------
用户：admin 时间：2024-10-30 21:51:21 ||内容：执行了一次删除管理员操作 
----------------------------------------
用户：admin 时间：2024-10-30 21:51:28 ||内容：执行了一次删除管理员操作 
----------------------------------------
用户：admin 时间：2024-10-30 21:54:41 ||内容：执行了一次删除管理员操作 
----------------------------------------
用户：admin 时间：2024-10-30 21:54:50 ||内容：执行了一次删除管理员操作 
----------------------------------------
用户：admin 时间：2024-10-30 21:54:57 ||内容：执行了一次删除管理员操作 
----------------------------------------
用户：admin 时间：2024-10-30 21:55:02 ||内容：执行了一次删除管理员操作 
----------------------------------------
用户：admin 时间：2025-11-19 00:19:14 ||内容：执行了一次删除管理员操作 
----------------------------------------
用户：admin 时间：2025-11-19 00:19:17 ||内容：执行了一次删除管理员操作 
----------------------------------------
用户：admin 时间：2025-11-19 00:23:31 ||内容：执行了一次删除管理员操作 
----------------------------------------
用户：admin 时间：2025-11-19 00:23:34 ||内容：执行了一次删除管理员操作 
----------------------------------------
用户：admin 时间：2025-11-19 00:23:38 ||内容：执行了一次删除管理员操作 
----------------------------------------
用户：admin 时间：2025-11-19 00:25:35 ||内容：执行了一次删除管理员操作 
----------------------------------------
用户：admin 时间：2025-11-19 00:25:41 ||内容：执行了一次删除管理员操作 
----------------------------------------
用户：admin 时间：2025-11-19 00:25:44 ||内容：执行了一次删除管理员操作 
----------------------------------------
用户：admin 时间：2025-11-19 00:26:46 ||内容：执行了一次删除管理员操作 
----------------------------------------
用户：admin 时间：2025-11-19 00:27:33 ||内容：执行了一次删除管理员操作 
----------------------------------------
用户：admin 时间：2025-11-19 00:27:36 ||内容：执行了一次删除管理员操作 
----------------------------------------
用户：admin 时间：2025-11-26 19:37:00 ||内容：执行了一次删除管理员操作 
----------------------------------------
用户：admin 时间：2025-11-26 19:37:03 ||内容：执行了一次删除管理员操作 
----------------------------------------
